Job ID: 173367
Node: rg2124
Started: Mon Jul 13 11:26:20 PM EEST 2026
Python: /projappl/project_2019765/grain_research/fl_venv/bin/python
PyTorch: 2.10.0+cu130
CUDA available: True
GPU: NVIDIA GH200 120GB
Mon Jul 13 23:26:24 2026       
+-----------------------------------------------------------------------------------------+
| NVIDIA-SMI 595.71.05              Driver Version: 595.71.05      CUDA Version: 13.2     |
+-----------------------------------------+------------------------+----------------------+
| GPU  Name                 Persistence-M | Bus-Id          Disp.A | Volatile Uncorr. ECC |
| Fan  Temp   Perf          Pwr:Usage/Cap |           Memory-Usage | GPU-Util  Compute M. |
|                                         |                        |               MIG M. |
|=========================================+========================+======================|
|   0  NVIDIA GH200 120GB             On  |   00000009:01:00.0 Off |                    0 |
| N/A   40C    P0            106W /  680W |       1MiB /  97871MiB |      0%      Default |
|                                         |                        |             Disabled |
+-----------------------------------------+------------------------+----------------------+

+-----------------------------------------------------------------------------------------+
| Processes:                                                                              |
|  GPU   GI   CI              PID   Type   Process name                        GPU Memory |
|        ID   ID                                                               Usage      |
|=========================================================================================|
|  No running processes found                                                             |
+-----------------------------------------------------------------------------------------+
Device: cuda
GPU: NVIDIA GH200 120GB
Dataset root: /scratch/project_2019765/fnaveed/datasets/rice_grouped
Output directory: /scratch/project_2019765/fnaveed/results/rice_resnet18_grouped_seed123
Training samples:   21606
Validation samples: 4711
Test samples:       4645

Training class counts and weights:
  0_NOR: count=13975, weight=0.1933
  1_F&S: count=1035, weight=2.6094
  2_SD: count=1037, weight=2.6044
  3_MY: count=1045, weight=2.5844
  4_AP: count=1043, weight=2.5894
  5_BN: count=1026, weight=2.6323
  6_UN: count=1045, weight=2.5844
  7_IM: count=1400, weight=1.9291
Epoch 01/10 [warmup] | train loss=0.8779 | val loss=0.4371 | val acc=90.28% | val balanced acc=84.34% | val macro-F1=81.42%
Saved new best checkpoint: /scratch/project_2019765/fnaveed/results/rice_resnet18_grouped_seed123/best_resnet18_rice_grouped.pt
Epoch 02/10 [warmup] | train loss=0.4844 | val loss=0.2927 | val acc=92.97% | val balanced acc=86.63% | val macro-F1=85.88%
Saved new best checkpoint: /scratch/project_2019765/fnaveed/results/rice_resnet18_grouped_seed123/best_resnet18_rice_grouped.pt

Unfreezing complete ResNet18 model.
Epoch 03/10 [full_finetuning] | train loss=0.2071 | val loss=0.1022 | val acc=97.13% | val balanced acc=94.82% | val macro-F1=94.19%
Saved new best checkpoint: /scratch/project_2019765/fnaveed/results/rice_resnet18_grouped_seed123/best_resnet18_rice_grouped.pt
Epoch 04/10 [full_finetuning] | train loss=0.1159 | val loss=0.0751 | val acc=97.75% | val balanced acc=96.57% | val macro-F1=95.63%
Saved new best checkpoint: /scratch/project_2019765/fnaveed/results/rice_resnet18_grouped_seed123/best_resnet18_rice_grouped.pt
Epoch 05/10 [full_finetuning] | train loss=0.0849 | val loss=0.0391 | val acc=99.04% | val balanced acc=97.90% | val macro-F1=97.82%
Saved new best checkpoint: /scratch/project_2019765/fnaveed/results/rice_resnet18_grouped_seed123/best_resnet18_rice_grouped.pt
Epoch 06/10 [full_finetuning] | train loss=0.0691 | val loss=0.0437 | val acc=98.73% | val balanced acc=97.39% | val macro-F1=97.15%
Epoch 07/10 [full_finetuning] | train loss=0.0489 | val loss=0.0407 | val acc=98.77% | val balanced acc=97.44% | val macro-F1=97.30%
Epoch 08/10 [full_finetuning] | train loss=0.0477 | val loss=0.0467 | val acc=98.68% | val balanced acc=97.13% | val macro-F1=97.04%
Epoch 09/10 [full_finetuning] | train loss=0.0517 | val loss=0.0443 | val acc=98.71% | val balanced acc=97.54% | val macro-F1=97.24%
Epoch 10/10 [full_finetuning] | train loss=0.0417 | val loss=0.0371 | val acc=98.96% | val balanced acc=97.64% | val macro-F1=97.70%

Final test results
Accuracy: 98.75%
Balanced accuracy: 97.70%
Macro-F1: 97.41%
Weighted-F1: 98.76%
Best epoch: 5
Results saved to: /scratch/project_2019765/fnaveed/results/rice_resnet18_grouped_seed123
Finished: Mon Jul 13 11:29:09 PM EEST 2026
