Device: cuda
Client manifests: client_0.csv, client_1.csv, client_2.csv
client_0: 8436 images
client_1: 10167 images
client_2: 3003 images
Initialized from: /scratch/project_2019765/fnaveed/results/rice_mobilenetv2_grouped_v1/best_mobilenetv2_rice_grouped.pt
Initial checkpoint epoch: 9
Initial checkpoint classes: ['0_NOR', '1_F&S', '2_SD', '3_MY', '4_AP', '5_BN', '6_UN', '7_IM']

===== Federated round 1/5 =====
Starting client_0
Finished client_0: samples=8436, local_loss=0.6566
Starting client_1
Finished client_1: samples=10167, local_loss=0.7241
Starting client_2
Finished client_2: samples=3003, local_loss=0.5539
Evaluating full validation set...
Global validation | Accuracy=98.90% | Balanced Accuracy=98.18% | Macro-F1=97.7757% | Weighted-F1=98.9020%
New best global model | round=1 | Macro-F1=97.7757%
Saved checkpoint: /scratch/project_2019765/fnaveed/results/rice_fedavg_noniid_mobilenetv2/global_model_round_1.pt

===== Federated round 2/5 =====
Starting client_0
Finished client_0: samples=8436, local_loss=0.6294
Starting client_1
Finished client_1: samples=10167, local_loss=0.6927
Starting client_2
Finished client_2: samples=3003, local_loss=0.5438
Evaluating full validation set...
Global validation | Accuracy=98.73% | Balanced Accuracy=98.14% | Macro-F1=97.5509% | Weighted-F1=98.7351%
Saved checkpoint: /scratch/project_2019765/fnaveed/results/rice_fedavg_noniid_mobilenetv2/global_model_round_2.pt

===== Federated round 3/5 =====
Starting client_0
Finished client_0: samples=8436, local_loss=0.6006
Starting client_1
Finished client_1: samples=10167, local_loss=0.6580
Starting client_2
Finished client_2: samples=3003, local_loss=0.5098
Evaluating full validation set...
Global validation | Accuracy=98.68% | Balanced Accuracy=98.03% | Macro-F1=97.4407% | Weighted-F1=98.6925%
Saved checkpoint: /scratch/project_2019765/fnaveed/results/rice_fedavg_noniid_mobilenetv2/global_model_round_3.pt

===== Federated round 4/5 =====
Starting client_0
Finished client_0: samples=8436, local_loss=0.5723
Starting client_1
Finished client_1: samples=10167, local_loss=0.6241
Starting client_2
Finished client_2: samples=3003, local_loss=0.4928
Evaluating full validation set...
Global validation | Accuracy=98.71% | Balanced Accuracy=98.09% | Macro-F1=97.4720% | Weighted-F1=98.7136%
Saved checkpoint: /scratch/project_2019765/fnaveed/results/rice_fedavg_noniid_mobilenetv2/global_model_round_4.pt

===== Federated round 5/5 =====
Starting client_0
Finished client_0: samples=8436, local_loss=0.5478
Starting client_1
Finished client_1: samples=10167, local_loss=0.5951
Starting client_2
Finished client_2: samples=3003, local_loss=0.4771
Evaluating full validation set...
Global validation | Accuracy=98.62% | Balanced Accuracy=98.07% | Macro-F1=97.3854% | Weighted-F1=98.6306%
Saved checkpoint: /scratch/project_2019765/fnaveed/results/rice_fedavg_noniid_mobilenetv2/global_model_round_5.pt

Completed in 0.04 hours
Results saved to: /scratch/project_2019765/fnaveed/results/rice_fedavg_noniid_mobilenetv2
