Job ID: 173333
Node: rg2106
Started: Mon Jul 13 11:04:13 PM EEST 2026
Python: /projappl/project_2019765/grain_research/fl_venv/bin/python
PyTorch: 2.10.0+cu130
CUDA available: True
GPU: NVIDIA GH200 120GB
Mon Jul 13 23:04:17 2026       
+-----------------------------------------------------------------------------------------+
| NVIDIA-SMI 595.71.05              Driver Version: 595.71.05      CUDA Version: 13.2     |
+-----------------------------------------+------------------------+----------------------+
| GPU  Name                 Persistence-M | Bus-Id          Disp.A | Volatile Uncorr. ECC |
| Fan  Temp   Perf          Pwr:Usage/Cap |           Memory-Usage | GPU-Util  Compute M. |
|                                         |                        |               MIG M. |
|=========================================+========================+======================|
|   0  NVIDIA GH200 120GB             On  |   00000029:01:00.0 Off |                    0 |
| N/A   39C    P0            104W /  680W |       1MiB /  97871MiB |      0%      Default |
|                                         |                        |             Disabled |
+-----------------------------------------+------------------------+----------------------+

+-----------------------------------------------------------------------------------------+
| Processes:                                                                              |
|  GPU   GI   CI              PID   Type   Process name                        GPU Memory |
|        ID   ID                                                               Usage      |
|=========================================================================================|
|  No running processes found                                                             |
+-----------------------------------------------------------------------------------------+
Device: cuda
GPU: NVIDIA GH200 120GB
Dataset root: /scratch/project_2019765/fnaveed/datasets/rice_grouped
Output directory: /scratch/project_2019765/fnaveed/results/rice_resnet18_grouped_v1
Training samples:   21606
Validation samples: 4711
Test samples:       4645
Downloading: "https://download.pytorch.org/models/resnet18-f37072fd.pth" to /users/fnaveed/.cache/aarch64/torch/hub/checkpoints/resnet18-f37072fd.pth

Training class counts and weights:
  0_NOR: count=13975, weight=0.1933
  1_F&S: count=1035, weight=2.6094
  2_SD: count=1037, weight=2.6044
  3_MY: count=1045, weight=2.5844
  4_AP: count=1043, weight=2.5894
  5_BN: count=1026, weight=2.6323
  6_UN: count=1045, weight=2.5844
  7_IM: count=1400, weight=1.9291
Epoch 01/10 [warmup] | train loss=0.9154 | val loss=0.4615 | val acc=90.64% | val balanced acc=86.11% | val macro-F1=82.98%
Saved new best checkpoint: /scratch/project_2019765/fnaveed/results/rice_resnet18_grouped_v1/best_resnet18_rice_grouped.pt
Epoch 02/10 [warmup] | train loss=0.4936 | val loss=0.4124 | val acc=88.66% | val balanced acc=84.63% | val macro-F1=80.53%

Unfreezing complete ResNet18 model.
Epoch 03/10 [full_finetuning] | train loss=0.2174 | val loss=0.0759 | val acc=97.94% | val balanced acc=95.14% | val macro-F1=95.17%
Saved new best checkpoint: /scratch/project_2019765/fnaveed/results/rice_resnet18_grouped_v1/best_resnet18_rice_grouped.pt
Epoch 04/10 [full_finetuning] | train loss=0.1105 | val loss=0.0574 | val acc=98.30% | val balanced acc=96.39% | val macro-F1=96.22%
Saved new best checkpoint: /scratch/project_2019765/fnaveed/results/rice_resnet18_grouped_v1/best_resnet18_rice_grouped.pt
Epoch 05/10 [full_finetuning] | train loss=0.0836 | val loss=0.0418 | val acc=98.79% | val balanced acc=97.36% | val macro-F1=97.30%
Saved new best checkpoint: /scratch/project_2019765/fnaveed/results/rice_resnet18_grouped_v1/best_resnet18_rice_grouped.pt
Epoch 06/10 [full_finetuning] | train loss=0.0670 | val loss=0.0511 | val acc=98.47% | val balanced acc=97.39% | val macro-F1=96.85%
Epoch 07/10 [full_finetuning] | train loss=0.0495 | val loss=0.0388 | val acc=98.94% | val balanced acc=97.83% | val macro-F1=97.73%
Saved new best checkpoint: /scratch/project_2019765/fnaveed/results/rice_resnet18_grouped_v1/best_resnet18_rice_grouped.pt
Epoch 08/10 [full_finetuning] | train loss=0.0445 | val loss=0.0473 | val acc=98.58% | val balanced acc=97.87% | val macro-F1=97.17%
Epoch 09/10 [full_finetuning] | train loss=0.0370 | val loss=0.0299 | val acc=99.19% | val balanced acc=98.25% | val macro-F1=98.18%
Saved new best checkpoint: /scratch/project_2019765/fnaveed/results/rice_resnet18_grouped_v1/best_resnet18_rice_grouped.pt
Epoch 10/10 [full_finetuning] | train loss=0.0418 | val loss=0.0410 | val acc=99.04% | val balanced acc=97.76% | val macro-F1=97.80%

Final test results
Accuracy: 99.01%
Balanced accuracy: 98.12%
Macro-F1: 97.94%
Weighted-F1: 99.01%
Best epoch: 9
Results saved to: /scratch/project_2019765/fnaveed/results/rice_resnet18_grouped_v1
Finished: Mon Jul 13 11:06:59 PM EEST 2026
