Device: cuda
client_0: 7199 images
client_1: 7229 images
client_2: 7178 images
Shared parameters: 2,223,872; private parameters/client: 10,248

===== FedPer round 1/5 =====
client_0: samples=7199, loss=0.5731
client_1: samples=7229, loss=0.5684
client_2: samples=7178, loss=0.5691
{
  "client_0": {
    "accuracy": 98.8962,
    "balanced_accuracy": 98.1266,
    "macro_f1": 97.7729,
    "weighted_f1": 98.9011
  },
  "client_1": {
    "accuracy": 98.8962,
    "balanced_accuracy": 98.1266,
    "macro_f1": 97.7729,
    "weighted_f1": 98.9011
  },
  "client_2": {
    "accuracy": 98.8962,
    "balanced_accuracy": 98.1266,
    "macro_f1": 97.7729,
    "weighted_f1": 98.9011
  }
}
Validation summary: {'mean_accuracy': 98.8962, 'mean_balanced_accuracy': 98.1266, 'mean_macro_f1': 97.7729, 'mean_weighted_f1': 98.9011, 'worst_client_macro_f1': 97.7729, 'best_client_macro_f1': 97.7729, 'std_client_macro_f1': 0.0}

===== FedPer round 2/5 =====
client_0: samples=7199, loss=0.5536
client_1: samples=7229, loss=0.5456
client_2: samples=7178, loss=0.5482
{
  "client_0": {
    "accuracy": 98.6415,
    "balanced_accuracy": 98.178,
    "macro_f1": 97.4426,
    "weighted_f1": 98.6519
  },
  "client_1": {
    "accuracy": 98.6203,
    "balanced_accuracy": 98.1738,
    "macro_f1": 97.4138,
    "weighted_f1": 98.6309
  },
  "client_2": {
    "accuracy": 98.6415,
    "balanced_accuracy": 98.178,
    "macro_f1": 97.4426,
    "weighted_f1": 98.6519
  }
}
Validation summary: {'mean_accuracy': 98.6344, 'mean_balanced_accuracy': 98.1766, 'mean_macro_f1': 97.433, 'mean_weighted_f1': 98.6449, 'worst_client_macro_f1': 97.4138, 'best_client_macro_f1': 97.4426, 'std_client_macro_f1': 0.0136}

===== FedPer round 3/5 =====
client_0: samples=7199, loss=0.5294
client_1: samples=7229, loss=0.5284
client_2: samples=7178, loss=0.5324
{
  "client_0": {
    "accuracy": 98.8113,
    "balanced_accuracy": 98.1605,
    "macro_f1": 97.6621,
    "weighted_f1": 98.818
  },
  "client_1": {
    "accuracy": 98.8113,
    "balanced_accuracy": 98.1605,
    "macro_f1": 97.6621,
    "weighted_f1": 98.818
  },
  "client_2": {
    "accuracy": 98.8113,
    "balanced_accuracy": 98.1605,
    "macro_f1": 97.6621,
    "weighted_f1": 98.818
  }
}
Validation summary: {'mean_accuracy': 98.8113, 'mean_balanced_accuracy': 98.1605, 'mean_macro_f1': 97.6621, 'mean_weighted_f1': 98.818, 'worst_client_macro_f1': 97.6621, 'best_client_macro_f1': 97.6621, 'std_client_macro_f1': 0.0}

===== FedPer round 4/5 =====
client_0: samples=7199, loss=0.5076
client_1: samples=7229, loss=0.5119
client_2: samples=7178, loss=0.5035
{
  "client_0": {
    "accuracy": 98.8113,
    "balanced_accuracy": 98.2093,
    "macro_f1": 97.6897,
    "weighted_f1": 98.8177
  },
  "client_1": {
    "accuracy": 98.8325,
    "balanced_accuracy": 98.2639,
    "macro_f1": 97.72,
    "weighted_f1": 98.8393
  },
  "client_2": {
    "accuracy": 98.8113,
    "balanced_accuracy": 98.2093,
    "macro_f1": 97.6897,
    "weighted_f1": 98.8177
  }
}
Validation summary: {'mean_accuracy': 98.8184, 'mean_balanced_accuracy': 98.2275, 'mean_macro_f1': 97.6998, 'mean_weighted_f1': 98.8249, 'worst_client_macro_f1': 97.6897, 'best_client_macro_f1': 97.72, 'std_client_macro_f1': 0.0143}

===== FedPer round 5/5 =====
client_0: samples=7199, loss=0.4890
client_1: samples=7229, loss=0.4851
client_2: samples=7178, loss=0.4860
{
  "client_0": {
    "accuracy": 98.7688,
    "balanced_accuracy": 98.2019,
    "macro_f1": 97.6104,
    "weighted_f1": 98.7766
  },
  "client_1": {
    "accuracy": 98.7688,
    "balanced_accuracy": 98.2019,
    "macro_f1": 97.6104,
    "weighted_f1": 98.7766
  },
  "client_2": {
    "accuracy": 98.7688,
    "balanced_accuracy": 98.2019,
    "macro_f1": 97.6104,
    "weighted_f1": 98.7766
  }
}
Validation summary: {'mean_accuracy': 98.7688, 'mean_balanced_accuracy': 98.2019, 'mean_macro_f1': 97.6104, 'mean_weighted_f1': 98.7766, 'worst_client_macro_f1': 97.6104, 'best_client_macro_f1': 97.6104, 'std_client_macro_f1': 0.0}

===== Test results =====
{
  "selected_round": 1,
  "protocol": "Each personalized client model is evaluated on the same capture-group-disjoint rice test manifest.",
  "test_by_client": {
    "client_0": {
      "accuracy": 99.0743,
      "balanced_accuracy": 98.5759,
      "macro_f1": 98.1579,
      "weighted_f1": 99.0783
    },
    "client_1": {
      "accuracy": 99.0743,
      "balanced_accuracy": 98.5759,
      "macro_f1": 98.1579,
      "weighted_f1": 99.0783
    },
    "client_2": {
      "accuracy": 99.0743,
      "balanced_accuracy": 98.5759,
      "macro_f1": 98.1579,
      "weighted_f1": 99.0783
    }
  },
  "test_summary": {
    "mean_accuracy": 99.0743,
    "mean_balanced_accuracy": 98.5759,
    "mean_macro_f1": 98.1579,
    "mean_weighted_f1": 99.0783,
    "worst_client_macro_f1": 98.1579,
    "best_client_macro_f1": 98.1579,
    "std_client_macro_f1": 0.0
  },
  "communication": {
    "total_parameters": 2234120,
    "shared_parameters": 2223872,
    "private_parameters_per_client": 10248,
    "complete_transfers": 30
  }
}
Completed in 0.04 hours
