Device: cuda
GPU: NVIDIA GH200 120GB
Dataset root: /scratch/project_2019765/fnaveed/datasets/rice_grouped
Output directory: /scratch/project_2019765/fnaveed/results/rice_efficientnetb0_grouped_v1
Training samples:   21606
Validation samples: 4711
Test samples:       4645
Downloading: "https://download.pytorch.org/models/efficientnet_b0_rwightman-7f5810bc.pth" to /users/fnaveed/.cache/aarch64/torch/hub/checkpoints/efficientnet_b0_rwightman-7f5810bc.pth

Training class counts and weights:
  0_NOR: count=13975, weight=0.1933
  1_F&S: count=1035, weight=2.6094
  2_SD: count=1037, weight=2.6044
  3_MY: count=1045, weight=2.5844
  4_AP: count=1043, weight=2.5894
  5_BN: count=1026, weight=2.6323
  6_UN: count=1045, weight=2.5844
  7_IM: count=1400, weight=1.9291
Epoch 01/10 [warmup] | train loss=0.9375 | val loss=0.5289 | val acc=88.75% | val balanced acc=83.97% | val macro-F1=80.81%
Saved new best checkpoint: /scratch/project_2019765/fnaveed/results/rice_efficientnetb0_grouped_v1/best_efficientnetb0_rice_grouped.pt
Epoch 02/10 [warmup] | train loss=0.5626 | val loss=0.4271 | val acc=90.36% | val balanced acc=86.98% | val macro-F1=83.47%
Saved new best checkpoint: /scratch/project_2019765/fnaveed/results/rice_efficientnetb0_grouped_v1/best_efficientnetb0_rice_grouped.pt

Unfreezing complete EfficientNetB0 model.
Epoch 03/10 [full_finetuning] | train loss=0.2528 | val loss=0.1090 | val acc=97.54% | val balanced acc=96.18% | val macro-F1=95.09%
Saved new best checkpoint: /scratch/project_2019765/fnaveed/results/rice_efficientnetb0_grouped_v1/best_efficientnetb0_rice_grouped.pt
Epoch 04/10 [full_finetuning] | train loss=0.1215 | val loss=0.0717 | val acc=98.41% | val balanced acc=96.90% | val macro-F1=96.53%
Saved new best checkpoint: /scratch/project_2019765/fnaveed/results/rice_efficientnetb0_grouped_v1/best_efficientnetb0_rice_grouped.pt
Epoch 05/10 [full_finetuning] | train loss=0.0760 | val loss=0.0501 | val acc=98.79% | val balanced acc=97.75% | val macro-F1=97.41%
Saved new best checkpoint: /scratch/project_2019765/fnaveed/results/rice_efficientnetb0_grouped_v1/best_efficientnetb0_rice_grouped.pt
Epoch 06/10 [full_finetuning] | train loss=0.0663 | val loss=0.0458 | val acc=98.87% | val balanced acc=97.82% | val macro-F1=97.58%
Saved new best checkpoint: /scratch/project_2019765/fnaveed/results/rice_efficientnetb0_grouped_v1/best_efficientnetb0_rice_grouped.pt
Epoch 07/10 [full_finetuning] | train loss=0.0500 | val loss=0.0516 | val acc=98.56% | val balanced acc=97.33% | val macro-F1=96.91%
Epoch 08/10 [full_finetuning] | train loss=0.0403 | val loss=0.0392 | val acc=98.81% | val balanced acc=97.75% | val macro-F1=97.42%
Epoch 09/10 [full_finetuning] | train loss=0.0319 | val loss=0.0492 | val acc=98.85% | val balanced acc=97.90% | val macro-F1=97.56%
Epoch 10/10 [full_finetuning] | train loss=0.0277 | val loss=0.0485 | val acc=98.87% | val balanced acc=98.16% | val macro-F1=97.71%
Saved new best checkpoint: /scratch/project_2019765/fnaveed/results/rice_efficientnetb0_grouped_v1/best_efficientnetb0_rice_grouped.pt

Final test results
Accuracy: 98.92%
Balanced accuracy: 98.29%
Macro-F1: 97.81%
Weighted-F1: 98.93%
Best epoch: 10
Results saved to: /scratch/project_2019765/fnaveed/results/rice_efficientnetb0_grouped_v1
