Device: cuda
Client manifests: client_0.csv, client_1.csv, client_2.csv
client_0: 7199 images
client_1: 7229 images
client_2: 7178 images
Initialized from: /scratch/project_2019765/fnaveed/results/rice_mobilenetv2_grouped_v1/best_mobilenetv2_rice_grouped.pt
Initial checkpoint epoch: 9
Initial checkpoint classes: ['0_NOR', '1_F&S', '2_SD', '3_MY', '4_AP', '5_BN', '6_UN', '7_IM']

===== Federated round 1/5 =====
Starting client_0
Finished client_0: samples=7199, local_loss=0.5690
Starting client_1
Finished client_1: samples=7229, local_loss=0.5742
Starting client_2
Finished client_2: samples=7178, local_loss=0.5743
Evaluating full validation set...
Global validation | Accuracy=98.71% | Balanced Accuracy=98.09% | Macro-F1=97.4960% | Weighted-F1=98.7134%
New best global model | round=1 | Macro-F1=97.4960%
Saved checkpoint: /scratch/project_2019765/fnaveed/results/rice_fedavg_iid_mobilenetv2/global_model_round_1.pt

===== Federated round 2/5 =====
Starting client_0
Finished client_0: samples=7199, local_loss=0.5590
Starting client_1
Finished client_1: samples=7229, local_loss=0.5479
Starting client_2
Finished client_2: samples=7178, local_loss=0.5473
Evaluating full validation set...
Global validation | Accuracy=98.81% | Balanced Accuracy=98.16% | Macro-F1=97.6631% | Weighted-F1=98.8186%
New best global model | round=2 | Macro-F1=97.6631%
Saved checkpoint: /scratch/project_2019765/fnaveed/results/rice_fedavg_iid_mobilenetv2/global_model_round_2.pt

===== Federated round 3/5 =====
Starting client_0
Finished client_0: samples=7199, local_loss=0.5295
Starting client_1
Finished client_1: samples=7229, local_loss=0.5236
Starting client_2
Finished client_2: samples=7178, local_loss=0.5261
Evaluating full validation set...
Global validation | Accuracy=98.79% | Balanced Accuracy=98.11% | Macro-F1=97.6091% | Weighted-F1=98.7971%
Saved checkpoint: /scratch/project_2019765/fnaveed/results/rice_fedavg_iid_mobilenetv2/global_model_round_3.pt

===== Federated round 4/5 =====
Starting client_0
Finished client_0: samples=7199, local_loss=0.5043
Starting client_1
Finished client_1: samples=7229, local_loss=0.5025
Starting client_2
Finished client_2: samples=7178, local_loss=0.5058
Evaluating full validation set...
Global validation | Accuracy=98.62% | Balanced Accuracy=98.17% | Macro-F1=97.4143% | Weighted-F1=98.6312%
Saved checkpoint: /scratch/project_2019765/fnaveed/results/rice_fedavg_iid_mobilenetv2/global_model_round_4.pt

===== Federated round 5/5 =====
Starting client_0
Finished client_0: samples=7199, local_loss=0.4817
Starting client_1
Finished client_1: samples=7229, local_loss=0.4832
Starting client_2
Finished client_2: samples=7178, local_loss=0.4855
Evaluating full validation set...
Global validation | Accuracy=98.73% | Balanced Accuracy=97.99% | Macro-F1=97.5221% | Weighted-F1=98.7329%
Saved checkpoint: /scratch/project_2019765/fnaveed/results/rice_fedavg_iid_mobilenetv2/global_model_round_5.pt

Completed in 0.04 hours
Results saved to: /scratch/project_2019765/fnaveed/results/rice_fedavg_iid_mobilenetv2
