Device: cuda
Experiment: rice_fedrep_noniid_mobilenetv2
client_0: 8436 images
client_1: 10167 images
client_2: 3003 images
Shared parameters: 2,223,872; private parameters/client: 10,248
FedRep schedule: 5 head epoch(s) at 0.0001, then 1 representation epoch(s) at 2e-06 per round

===== FedRep round 1/5 =====
Starting client_0
Finished client_0: samples=8436, head_loss=0.5240, representation_loss=0.4595
Starting client_1
Finished client_1: samples=10167, head_loss=0.5587, representation_loss=0.4858
Starting client_2
Finished client_2: samples=3003, head_loss=0.4724, representation_loss=0.4830
{
  "client_0": {
    "accuracy": 98.3443,
    "balanced_accuracy": 98.0731,
    "macro_f1": 97.0528,
    "weighted_f1": 98.3627
  },
  "client_1": {
    "accuracy": 98.4504,
    "balanced_accuracy": 98.043,
    "macro_f1": 97.1263,
    "weighted_f1": 98.4672
  },
  "client_2": {
    "accuracy": 97.8985,
    "balanced_accuracy": 97.8352,
    "macro_f1": 96.3364,
    "weighted_f1": 97.9348
  }
}
Validation summary: {'mean_accuracy': 98.2311, 'mean_balanced_accuracy': 97.9838, 'mean_macro_f1': 96.8385, 'mean_weighted_f1': 98.2549, 'worst_client_macro_f1': 96.3364, 'best_client_macro_f1': 97.1263, 'std_client_macro_f1': 0.3563}
New best FedRep state: round=1, mean validation Macro-F1=96.8385%

===== FedRep round 2/5 =====
Starting client_0
Finished client_0: samples=8436, head_loss=0.3992, representation_loss=0.4061
Starting client_1
Finished client_1: samples=10167, head_loss=0.4303, representation_loss=0.4429
Starting client_2
Finished client_2: samples=3003, head_loss=0.3884, representation_loss=0.4391
{
  "client_0": {
    "accuracy": 98.7901,
    "balanced_accuracy": 97.5637,
    "macro_f1": 97.3987,
    "weighted_f1": 98.7925
  },
  "client_1": {
    "accuracy": 98.9599,
    "balanced_accuracy": 97.9389,
    "macro_f1": 97.7846,
    "weighted_f1": 98.9636
  },
  "client_2": {
    "accuracy": 98.1533,
    "balanced_accuracy": 97.8043,
    "macro_f1": 96.6102,
    "weighted_f1": 98.1765
  }
}
Validation summary: {'mean_accuracy': 98.6344, 'mean_balanced_accuracy': 97.769, 'mean_macro_f1': 97.2645, 'mean_weighted_f1': 98.6442, 'worst_client_macro_f1': 96.6102, 'best_client_macro_f1': 97.7846, 'std_client_macro_f1': 0.4887}
New best FedRep state: round=2, mean validation Macro-F1=97.2645%

===== FedRep round 3/5 =====
Starting client_0
Finished client_0: samples=8436, head_loss=0.3788, representation_loss=0.3951
Starting client_1
Finished client_1: samples=10167, head_loss=0.4152, representation_loss=0.4329
Starting client_2
Finished client_2: samples=3003, head_loss=0.3414, representation_loss=0.3841
{
  "client_0": {
    "accuracy": 98.9599,
    "balanced_accuracy": 97.8433,
    "macro_f1": 97.7575,
    "weighted_f1": 98.9614
  },
  "client_1": {
    "accuracy": 99.0236,
    "balanced_accuracy": 97.9959,
    "macro_f1": 97.9185,
    "weighted_f1": 99.0254
  },
  "client_2": {
    "accuracy": 98.7688,
    "balanced_accuracy": 98.208,
    "macro_f1": 97.6102,
    "weighted_f1": 98.7768
  }
}
Validation summary: {'mean_accuracy': 98.9174, 'mean_balanced_accuracy': 98.0157, 'mean_macro_f1': 97.7621, 'mean_weighted_f1': 98.9212, 'worst_client_macro_f1': 97.6102, 'best_client_macro_f1': 97.9185, 'std_client_macro_f1': 0.1259}
New best FedRep state: round=3, mean validation Macro-F1=97.7621%

===== FedRep round 4/5 =====
Starting client_0
Finished client_0: samples=8436, head_loss=0.3738, representation_loss=0.3873
Starting client_1
Finished client_1: samples=10167, head_loss=0.4099, representation_loss=0.4239
Starting client_2
Finished client_2: samples=3003, head_loss=0.3151, representation_loss=0.3847
{
  "client_0": {
    "accuracy": 98.9174,
    "balanced_accuracy": 97.5367,
    "macro_f1": 97.6175,
    "weighted_f1": 98.918
  },
  "client_1": {
    "accuracy": 99.0872,
    "balanced_accuracy": 97.9638,
    "macro_f1": 98.1006,
    "weighted_f1": 99.0864
  },
  "client_2": {
    "accuracy": 98.9599,
    "balanced_accuracy": 97.8953,
    "macro_f1": 97.7559,
    "weighted_f1": 98.9612
  }
}
Validation summary: {'mean_accuracy': 98.9882, 'mean_balanced_accuracy': 97.7986, 'mean_macro_f1': 97.8247, 'mean_weighted_f1': 98.9885, 'worst_client_macro_f1': 97.6175, 'best_client_macro_f1': 98.1006, 'std_client_macro_f1': 0.2031}
New best FedRep state: round=4, mean validation Macro-F1=97.8247%

===== FedRep round 5/5 =====
Starting client_0
Finished client_0: samples=8436, head_loss=0.3700, representation_loss=0.3876
Starting client_1
Finished client_1: samples=10167, head_loss=0.4071, representation_loss=0.4254
Starting client_2
Finished client_2: samples=3003, head_loss=0.3023, representation_loss=0.3649
{
  "client_0": {
    "accuracy": 99.0448,
    "balanced_accuracy": 97.9599,
    "macro_f1": 97.996,
    "weighted_f1": 99.0444
  },
  "client_1": {
    "accuracy": 99.0236,
    "balanced_accuracy": 97.8397,
    "macro_f1": 97.9098,
    "weighted_f1": 99.023
  },
  "client_2": {
    "accuracy": 98.9811,
    "balanced_accuracy": 98.0492,
    "macro_f1": 97.9164,
    "weighted_f1": 98.983
  }
}
Validation summary: {'mean_accuracy': 99.0165, 'mean_balanced_accuracy': 97.9496, 'mean_macro_f1': 97.9407, 'mean_weighted_f1': 99.0168, 'worst_client_macro_f1': 97.9098, 'best_client_macro_f1': 97.996, 'std_client_macro_f1': 0.0392}
New best FedRep state: round=5, mean validation Macro-F1=97.9407%

===== Test results =====
{
  "experiment": "rice_fedrep_noniid_mobilenetv2",
  "algorithm": "FedRep",
  "selected_round": 5,
  "protocol": "Each personalized client model is evaluated on the same capture-group-disjoint rice test manifest.",
  "training_schedule": {
    "head_epochs_per_round": 5,
    "representation_epochs_per_round": 1,
    "head_learning_rate": 0.0001,
    "representation_learning_rate": 2e-06
  },
  "test_by_client": {
    "client_0": {
      "accuracy": 99.1819,
      "balanced_accuracy": 98.5522,
      "macro_f1": 98.3584,
      "weighted_f1": 99.1843
    },
    "client_1": {
      "accuracy": 99.1819,
      "balanced_accuracy": 98.4531,
      "macro_f1": 98.3005,
      "weighted_f1": 99.1824
    },
    "client_2": {
      "accuracy": 98.9882,
      "balanced_accuracy": 98.264,
      "macro_f1": 97.9637,
      "weighted_f1": 98.9922
    }
  },
  "test_summary": {
    "mean_accuracy": 99.1173,
    "mean_balanced_accuracy": 98.4231,
    "mean_macro_f1": 98.2075,
    "mean_weighted_f1": 99.1196,
    "worst_client_macro_f1": 97.9637,
    "best_client_macro_f1": 98.3584,
    "std_client_macro_f1": 0.174
  },
  "communication": {
    "total_parameters": 2234120,
    "shared_parameters": 2223872,
    "private_parameters_per_client": 10248,
    "shared_model_transfers": 30,
    "estimated_shared_fp32_mib_per_transfer": 8.4834,
    "estimated_cumulative_shared_fp32_mib": 254.502
  }
}
Completed in 0.19 hours
