Device: cuda
client_0: 8436 images
client_1: 10167 images
client_2: 3003 images
Shared parameters: 2,223,872; private parameters/client: 10,248

===== FedPer round 1/5 =====
client_0: samples=8436, loss=0.6530
client_1: samples=10167, loss=0.7246
client_2: samples=3003, loss=0.5640
{
  "client_0": {
    "accuracy": 98.8325,
    "balanced_accuracy": 98.0204,
    "macro_f1": 97.6381,
    "weighted_f1": 98.838
  },
  "client_1": {
    "accuracy": 98.8962,
    "balanced_accuracy": 98.1797,
    "macro_f1": 97.7751,
    "weighted_f1": 98.9019
  },
  "client_2": {
    "accuracy": 98.8537,
    "balanced_accuracy": 98.0245,
    "macro_f1": 97.6666,
    "weighted_f1": 98.8589
  }
}
Validation summary: {'mean_accuracy': 98.8608, 'mean_balanced_accuracy': 98.0749, 'mean_macro_f1': 97.6933, 'mean_weighted_f1': 98.8663, 'worst_client_macro_f1': 97.6381, 'best_client_macro_f1': 97.7751, 'std_client_macro_f1': 0.059}

===== FedPer round 2/5 =====
client_0: samples=8436, loss=0.6288
client_1: samples=10167, loss=0.6834
client_2: samples=3003, loss=0.5424
{
  "client_0": {
    "accuracy": 98.8113,
    "balanced_accuracy": 98.1595,
    "macro_f1": 97.662,
    "weighted_f1": 98.8177
  },
  "client_1": {
    "accuracy": 98.8113,
    "balanced_accuracy": 98.1595,
    "macro_f1": 97.662,
    "weighted_f1": 98.8177
  },
  "client_2": {
    "accuracy": 98.8962,
    "balanced_accuracy": 98.2268,
    "macro_f1": 97.802,
    "weighted_f1": 98.9014
  }
}
Validation summary: {'mean_accuracy': 98.8396, 'mean_balanced_accuracy': 98.1819, 'mean_macro_f1': 97.7087, 'mean_weighted_f1': 98.8456, 'worst_client_macro_f1': 97.662, 'best_client_macro_f1': 97.802, 'std_client_macro_f1': 0.066}

===== FedPer round 3/5 =====
client_0: samples=8436, loss=0.5961
client_1: samples=10167, loss=0.6461
client_2: samples=3003, loss=0.5175
{
  "client_0": {
    "accuracy": 98.8537,
    "balanced_accuracy": 98.2173,
    "macro_f1": 97.7461,
    "weighted_f1": 98.8591
  },
  "client_1": {
    "accuracy": 98.875,
    "balanced_accuracy": 98.2215,
    "macro_f1": 97.7746,
    "weighted_f1": 98.8796
  },
  "client_2": {
    "accuracy": 98.9811,
    "balanced_accuracy": 98.2425,
    "macro_f1": 97.9402,
    "weighted_f1": 98.9838
  }
}
Validation summary: {'mean_accuracy': 98.9033, 'mean_balanced_accuracy': 98.2271, 'mean_macro_f1': 97.8203, 'mean_weighted_f1': 98.9075, 'worst_client_macro_f1': 97.7461, 'best_client_macro_f1': 97.9402, 'std_client_macro_f1': 0.0856}

===== FedPer round 4/5 =====
client_0: samples=8436, loss=0.5718
client_1: samples=10167, loss=0.6150
client_2: samples=3003, loss=0.4965
{
  "client_0": {
    "accuracy": 98.7901,
    "balanced_accuracy": 98.2041,
    "macro_f1": 97.6383,
    "weighted_f1": 98.7979
  },
  "client_1": {
    "accuracy": 98.7476,
    "balanced_accuracy": 98.1958,
    "macro_f1": 97.5828,
    "weighted_f1": 98.7561
  },
  "client_2": {
    "accuracy": 98.8113,
    "balanced_accuracy": 98.1576,
    "macro_f1": 97.6635,
    "weighted_f1": 98.8177
  }
}
Validation summary: {'mean_accuracy': 98.783, 'mean_balanced_accuracy': 98.1858, 'mean_macro_f1': 97.6282, 'mean_weighted_f1': 98.7906, 'worst_client_macro_f1': 97.5828, 'best_client_macro_f1': 97.6635, 'std_client_macro_f1': 0.0337}

===== FedPer round 5/5 =====
client_0: samples=8436, loss=0.5437
client_1: samples=10167, loss=0.5878
client_2: samples=3003, loss=0.4782
{
  "client_0": {
    "accuracy": 98.6627,
    "balanced_accuracy": 98.0791,
    "macro_f1": 97.4656,
    "weighted_f1": 98.6714
  },
  "client_1": {
    "accuracy": 98.6627,
    "balanced_accuracy": 98.0791,
    "macro_f1": 97.4662,
    "weighted_f1": 98.6712
  },
  "client_2": {
    "accuracy": 98.7688,
    "balanced_accuracy": 98.0492,
    "macro_f1": 97.6012,
    "weighted_f1": 98.7743
  }
}
Validation summary: {'mean_accuracy': 98.6981, 'mean_balanced_accuracy': 98.0691, 'mean_macro_f1': 97.511, 'mean_weighted_f1': 98.7056, 'worst_client_macro_f1': 97.4656, 'best_client_macro_f1': 97.6012, 'std_client_macro_f1': 0.0638}

===== Test results =====
{
  "selected_round": 3,
  "protocol": "Each personalized client model is evaluated on the same capture-group-disjoint rice test manifest.",
  "test_by_client": {
    "client_0": {
      "accuracy": 98.9666,
      "balanced_accuracy": 98.4002,
      "macro_f1": 97.9112,
      "weighted_f1": 98.9714
    },
    "client_1": {
      "accuracy": 98.9882,
      "balanced_accuracy": 98.5052,
      "macro_f1": 97.9912,
      "weighted_f1": 98.993
    },
    "client_2": {
      "accuracy": 98.9451,
      "balanced_accuracy": 98.3456,
      "macro_f1": 97.857,
      "weighted_f1": 98.95
    }
  },
  "test_summary": {
    "mean_accuracy": 98.9666,
    "mean_balanced_accuracy": 98.417,
    "mean_macro_f1": 97.9198,
    "mean_weighted_f1": 98.9715,
    "worst_client_macro_f1": 97.857,
    "best_client_macro_f1": 97.9912,
    "std_client_macro_f1": 0.0551
  },
  "communication": {
    "total_parameters": 2234120,
    "shared_parameters": 2223872,
    "private_parameters_per_client": 10248,
    "complete_transfers": 30
  }
}
Completed in 0.05 hours
