Device: cuda
GPU: NVIDIA GH200 120GB
Dataset root: /scratch/project_2019765/fnaveed/datasets/rice_grouped
Output directory: /scratch/project_2019765/fnaveed/results/rice_mobilenetv2_grouped_v1
Training samples:   21606
Validation samples: 4711
Test samples:       4645
Downloading: "https://download.pytorch.org/models/mobilenet_v2-7ebf99e0.pth" to /users/fnaveed/.cache/aarch64/torch/hub/checkpoints/mobilenet_v2-7ebf99e0.pth

Training class counts and weights:
  0_NOR: count=13975, weight=0.1933
  1_F&S: count=1035, weight=2.6094
  2_SD: count=1037, weight=2.6044
  3_MY: count=1045, weight=2.5844
  4_AP: count=1043, weight=2.5894
  5_BN: count=1026, weight=2.6323
  6_UN: count=1045, weight=2.5844
  7_IM: count=1400, weight=1.9291
Epoch 01/10 [warmup] | train loss=0.9502 | val loss=0.6383 | val acc=89.39% | val balanced acc=84.83% | val macro-F1=81.46%
Saved new best checkpoint: /scratch/project_2019765/fnaveed/results/rice_mobilenetv2_grouped_v1/best_mobilenetv2_rice_grouped.pt
Epoch 02/10 [warmup] | train loss=0.5349 | val loss=0.4702 | val acc=90.45% | val balanced acc=86.93% | val macro-F1=83.73%
Saved new best checkpoint: /scratch/project_2019765/fnaveed/results/rice_mobilenetv2_grouped_v1/best_mobilenetv2_rice_grouped.pt

Unfreezing complete MobileNetV2 model.
Epoch 03/10 [full_finetuning] | train loss=0.2715 | val loss=0.1833 | val acc=95.27% | val balanced acc=93.95% | val macro-F1=91.74%
Saved new best checkpoint: /scratch/project_2019765/fnaveed/results/rice_mobilenetv2_grouped_v1/best_mobilenetv2_rice_grouped.pt
Epoch 04/10 [full_finetuning] | train loss=0.1457 | val loss=0.1453 | val acc=96.03% | val balanced acc=95.82% | val macro-F1=93.30%
Saved new best checkpoint: /scratch/project_2019765/fnaveed/results/rice_mobilenetv2_grouped_v1/best_mobilenetv2_rice_grouped.pt
Epoch 05/10 [full_finetuning] | train loss=0.1099 | val loss=0.0839 | val acc=97.67% | val balanced acc=96.89% | val macro-F1=95.78%
Saved new best checkpoint: /scratch/project_2019765/fnaveed/results/rice_mobilenetv2_grouped_v1/best_mobilenetv2_rice_grouped.pt
Epoch 06/10 [full_finetuning] | train loss=0.0827 | val loss=0.0659 | val acc=97.96% | val balanced acc=97.39% | val macro-F1=96.37%
Saved new best checkpoint: /scratch/project_2019765/fnaveed/results/rice_mobilenetv2_grouped_v1/best_mobilenetv2_rice_grouped.pt
Epoch 07/10 [full_finetuning] | train loss=0.0681 | val loss=0.0656 | val acc=98.07% | val balanced acc=97.46% | val macro-F1=96.47%
Saved new best checkpoint: /scratch/project_2019765/fnaveed/results/rice_mobilenetv2_grouped_v1/best_mobilenetv2_rice_grouped.pt
Epoch 08/10 [full_finetuning] | train loss=0.0558 | val loss=0.0652 | val acc=98.00% | val balanced acc=97.38% | val macro-F1=96.30%
Epoch 09/10 [full_finetuning] | train loss=0.0498 | val loss=0.0389 | val acc=98.90% | val balanced acc=97.98% | val macro-F1=97.72%
Saved new best checkpoint: /scratch/project_2019765/fnaveed/results/rice_mobilenetv2_grouped_v1/best_mobilenetv2_rice_grouped.pt
Epoch 10/10 [full_finetuning] | train loss=0.0425 | val loss=0.0583 | val acc=98.24% | val balanced acc=97.64% | val macro-F1=96.71%

Final test results
Accuracy: 99.03%
Balanced accuracy: 98.42%
Macro-F1: 98.04%
Weighted-F1: 99.04%
Best epoch: 9
Results saved to: /scratch/project_2019765/fnaveed/results/rice_mobilenetv2_grouped_v1
