Job ID: 173368
Node: rg2106
Started: Mon Jul 13 11:26:20 PM EEST 2026
Python: /projappl/project_2019765/grain_research/fl_venv/bin/python
PyTorch: 2.10.0+cu130
CUDA available: True
GPU: NVIDIA GH200 120GB
Mon Jul 13 23:26:23 2026       
+-----------------------------------------------------------------------------------------+
| NVIDIA-SMI 595.71.05              Driver Version: 595.71.05      CUDA Version: 13.2     |
+-----------------------------------------+------------------------+----------------------+
| GPU  Name                 Persistence-M | Bus-Id          Disp.A | Volatile Uncorr. ECC |
| Fan  Temp   Perf          Pwr:Usage/Cap |           Memory-Usage | GPU-Util  Compute M. |
|                                         |                        |               MIG M. |
|=========================================+========================+======================|
|   0  NVIDIA GH200 120GB             On  |   00000019:01:00.0 Off |                    0 |
| N/A   40C    P0             99W /  680W |       1MiB /  97871MiB |      0%      Default |
|                                         |                        |             Disabled |
+-----------------------------------------+------------------------+----------------------+

+-----------------------------------------------------------------------------------------+
| Processes:                                                                              |
|  GPU   GI   CI              PID   Type   Process name                        GPU Memory |
|        ID   ID                                                               Usage      |
|=========================================================================================|
|  No running processes found                                                             |
+-----------------------------------------------------------------------------------------+
Device: cuda
GPU: NVIDIA GH200 120GB
Dataset root: /scratch/project_2019765/fnaveed/datasets/rice_grouped
Output directory: /scratch/project_2019765/fnaveed/results/rice_resnet18_grouped_seed2026
Training samples:   21606
Validation samples: 4711
Test samples:       4645

Training class counts and weights:
  0_NOR: count=13975, weight=0.1933
  1_F&S: count=1035, weight=2.6094
  2_SD: count=1037, weight=2.6044
  3_MY: count=1045, weight=2.5844
  4_AP: count=1043, weight=2.5894
  5_BN: count=1026, weight=2.6323
  6_UN: count=1045, weight=2.5844
  7_IM: count=1400, weight=1.9291
Epoch 01/10 [warmup] | train loss=0.8846 | val loss=0.3752 | val acc=92.61% | val balanced acc=85.65% | val macro-F1=85.29%
Saved new best checkpoint: /scratch/project_2019765/fnaveed/results/rice_resnet18_grouped_seed2026/best_resnet18_rice_grouped.pt
Epoch 02/10 [warmup] | train loss=0.4812 | val loss=0.3540 | val acc=91.25% | val balanced acc=87.20% | val macro-F1=84.32%

Unfreezing complete ResNet18 model.
Epoch 03/10 [full_finetuning] | train loss=0.2118 | val loss=0.0761 | val acc=98.09% | val balanced acc=96.17% | val macro-F1=95.92%
Saved new best checkpoint: /scratch/project_2019765/fnaveed/results/rice_resnet18_grouped_seed2026/best_resnet18_rice_grouped.pt
Epoch 04/10 [full_finetuning] | train loss=0.1004 | val loss=0.0870 | val acc=97.41% | val balanced acc=96.42% | val macro-F1=95.16%
Epoch 05/10 [full_finetuning] | train loss=0.0808 | val loss=0.0545 | val acc=98.20% | val balanced acc=96.74% | val macro-F1=96.21%
Saved new best checkpoint: /scratch/project_2019765/fnaveed/results/rice_resnet18_grouped_seed2026/best_resnet18_rice_grouped.pt
Epoch 06/10 [full_finetuning] | train loss=0.0653 | val loss=0.0565 | val acc=98.13% | val balanced acc=97.28% | val macro-F1=96.32%
Saved new best checkpoint: /scratch/project_2019765/fnaveed/results/rice_resnet18_grouped_seed2026/best_resnet18_rice_grouped.pt
Epoch 07/10 [full_finetuning] | train loss=0.0588 | val loss=0.0631 | val acc=97.88% | val balanced acc=97.70% | val macro-F1=96.32%
Epoch 08/10 [full_finetuning] | train loss=0.0437 | val loss=0.0418 | val acc=98.90% | val balanced acc=97.59% | val macro-F1=97.47%
Saved new best checkpoint: /scratch/project_2019765/fnaveed/results/rice_resnet18_grouped_seed2026/best_resnet18_rice_grouped.pt
Epoch 09/10 [full_finetuning] | train loss=0.0452 | val loss=0.0677 | val acc=98.26% | val balanced acc=97.22% | val macro-F1=96.52%
Epoch 10/10 [full_finetuning] | train loss=0.0491 | val loss=0.0320 | val acc=99.00% | val balanced acc=97.70% | val macro-F1=97.76%
Saved new best checkpoint: /scratch/project_2019765/fnaveed/results/rice_resnet18_grouped_seed2026/best_resnet18_rice_grouped.pt

Final test results
Accuracy: 98.84%
Balanced accuracy: 97.68%
Macro-F1: 97.42%
Weighted-F1: 98.84%
Best epoch: 10
Results saved to: /scratch/project_2019765/fnaveed/results/rice_resnet18_grouped_seed2026
Finished: Mon Jul 13 11:29:06 PM EEST 2026
