Device: cuda
Client manifests: client_0.csv, client_1.csv, client_2.csv
client_0: 8436 images
client_1: 10167 images
client_2: 3003 images
Initialized from: /scratch/project_2019765/fnaveed/results/rice_resnet18_grouped_v1/best_resnet18_rice_grouped.pt
Initial checkpoint epoch: 9
Initial checkpoint classes: ['0_NOR', '1_F&S', '2_SD', '3_MY', '4_AP', '5_BN', '6_UN', '7_IM']

===== Federated round 1/5 =====
Starting client_0
Finished client_0: samples=8436, local_loss=0.7331
Starting client_1
Finished client_1: samples=10167, local_loss=0.8299
Starting client_2
Finished client_2: samples=3003, local_loss=0.6184
Evaluating full validation set...
Global validation | Accuracy=99.11% | Balanced Accuracy=98.09% | Macro-F1=98.0418% | Weighted-F1=99.1112%
New best global model | round=1 | Macro-F1=98.0418%
Saved checkpoint: /scratch/project_2019765/fnaveed/results/rice_fedavg_noniid_resnet18/global_model_round_1.pt

===== Federated round 2/5 =====
Starting client_0
Finished client_0: samples=8436, local_loss=0.6437
Starting client_1
Finished client_1: samples=10167, local_loss=0.7173
Starting client_2
Finished client_2: samples=3003, local_loss=0.5447
Evaluating full validation set...
Global validation | Accuracy=99.00% | Balanced Accuracy=97.91% | Macro-F1=97.8462% | Weighted-F1=99.0055%
Saved checkpoint: /scratch/project_2019765/fnaveed/results/rice_fedavg_noniid_resnet18/global_model_round_2.pt

===== Federated round 3/5 =====
Starting client_0
Finished client_0: samples=8436, local_loss=0.5775
Starting client_1
Finished client_1: samples=10167, local_loss=0.6461
Starting client_2
Finished client_2: samples=3003, local_loss=0.5005
Evaluating full validation set...
Global validation | Accuracy=98.88% | Balanced Accuracy=97.87% | Macro-F1=97.6892% | Weighted-F1=98.8785%
Saved checkpoint: /scratch/project_2019765/fnaveed/results/rice_fedavg_noniid_resnet18/global_model_round_3.pt

===== Federated round 4/5 =====
Starting client_0
Finished client_0: samples=8436, local_loss=0.5271
Starting client_1
Finished client_1: samples=10167, local_loss=0.5967
Starting client_2
Finished client_2: samples=3003, local_loss=0.4622
Evaluating full validation set...
Global validation | Accuracy=98.79% | Balanced Accuracy=97.48% | Macro-F1=97.5048% | Weighted-F1=98.7906%
Saved checkpoint: /scratch/project_2019765/fnaveed/results/rice_fedavg_noniid_resnet18/global_model_round_4.pt

===== Federated round 5/5 =====
Starting client_0
Finished client_0: samples=8436, local_loss=0.5017
Starting client_1
Finished client_1: samples=10167, local_loss=0.5617
Starting client_2
Finished client_2: samples=3003, local_loss=0.4223
Evaluating full validation set...
Global validation | Accuracy=98.81% | Balanced Accuracy=97.60% | Macro-F1=97.6177% | Weighted-F1=98.8115%
Saved checkpoint: /scratch/project_2019765/fnaveed/results/rice_fedavg_noniid_resnet18/global_model_round_5.pt

Completed in 0.03 hours
Results saved to: /scratch/project_2019765/fnaveed/results/rice_fedavg_noniid_resnet18
