Device: cuda
GPU: NVIDIA GH200 120GB
Manifest directory: /scratch/project_2019765/fnaveed/datasets/wheat_grouped_v1/grouped_split_v2
Output directory: /scratch/project_2019765/fnaveed/results/wheat_resnet18_grouped_v2_smoke
Training samples:   257069
Validation samples: 28389
Test samples:       37143
Test_07 samples:    27144

Training class counts and weights:
  Black Germ: count=1804, weight=17.8124
  Broken: count=53332, weight=0.6025
  Fusarium: count=1747, weight=18.3936
  Insect: count=14012, weight=2.2933
  Moldy: count=2705, weight=11.8793
  Sound: count=173933, weight=0.1847
  Spotted: count=3981, weight=8.0717
  Sprouted: count=5555, weight=5.7846
Epoch 01/1 [warmup] | train loss=1.4078 | val loss=1.4449 | val acc=68.94% | val balanced acc=49.00% | val Macro-F1=37.39%
Saved new best checkpoint: /scratch/project_2019765/fnaveed/results/wheat_resnet18_grouped_v2_smoke/best_resnet18_wheat_grouped_v2.pt

Evaluating validation...
validation | Accuracy=68.9422% | Balanced Accuracy=49.0046% | Macro-F1=37.3863% | Weighted-F1=74.4658%

Evaluating test...
test | Accuracy=67.7086% | Balanced Accuracy=54.2192% | Macro-F1=45.7547% | Weighted-F1=68.9626%

Evaluating test_07...
test_07 | Accuracy=60.8164% | Balanced Accuracy=43.7672% | Macro-F1=37.4662% | Weighted-F1=63.1057%

Training completed.
Best epoch: 1
Best validation Macro-F1: 37.3863%
Total time: 181.12 seconds
Results saved to: /scratch/project_2019765/fnaveed/results/wheat_resnet18_grouped_v2_smoke
