Device: cuda
GPU: NVIDIA GH200 120GB
Manifest directory: /scratch/project_2019765/fnaveed/datasets/wheat_grouped_v1/grouped_split_v2
Output directory: /scratch/project_2019765/fnaveed/results/wheat_resnet18_grouped_v2
Training samples:   257069
Validation samples: 28389
Test samples:       37143
Test_07 samples:    27144

Training class counts and weights:
  Black Germ: count=1804, weight=17.8124
  Broken: count=53332, weight=0.6025
  Fusarium: count=1747, weight=18.3936
  Insect: count=14012, weight=2.2933
  Moldy: count=2705, weight=11.8793
  Sound: count=173933, weight=0.1847
  Spotted: count=3981, weight=8.0717
  Sprouted: count=5555, weight=5.7846
Epoch 01/10 [warmup] | train loss=1.4078 | val loss=1.4449 | val acc=68.94% | val balanced acc=49.00% | val Macro-F1=37.39%
Saved new best checkpoint: /scratch/project_2019765/fnaveed/results/wheat_resnet18_grouped_v2/best_resnet18_wheat_grouped_v2.pt
Epoch 02/10 [warmup] | train loss=1.2872 | val loss=1.3310 | val acc=55.20% | val balanced acc=51.46% | val Macro-F1=35.70%

Unfreezing complete ResNet18 model.
Epoch 03/10 [full_finetuning] | train loss=0.8216 | val loss=0.6940 | val acc=84.30% | val balanced acc=76.23% | val Macro-F1=57.76%
Saved new best checkpoint: /scratch/project_2019765/fnaveed/results/wheat_resnet18_grouped_v2/best_resnet18_wheat_grouped_v2.pt
Epoch 04/10 [full_finetuning] | train loss=0.6409 | val loss=0.6518 | val acc=84.77% | val balanced acc=77.24% | val Macro-F1=64.74%
Saved new best checkpoint: /scratch/project_2019765/fnaveed/results/wheat_resnet18_grouped_v2/best_resnet18_wheat_grouped_v2.pt
Epoch 05/10 [full_finetuning] | train loss=0.5758 | val loss=0.6051 | val acc=88.23% | val balanced acc=79.10% | val Macro-F1=65.34%
Saved new best checkpoint: /scratch/project_2019765/fnaveed/results/wheat_resnet18_grouped_v2/best_resnet18_wheat_grouped_v2.pt
Epoch 06/10 [full_finetuning] | train loss=0.5386 | val loss=0.6100 | val acc=89.64% | val balanced acc=78.93% | val Macro-F1=68.97%
Saved new best checkpoint: /scratch/project_2019765/fnaveed/results/wheat_resnet18_grouped_v2/best_resnet18_wheat_grouped_v2.pt
Epoch 07/10 [full_finetuning] | train loss=0.5064 | val loss=0.5522 | val acc=87.93% | val balanced acc=81.84% | val Macro-F1=67.85%
Epoch 08/10 [full_finetuning] | train loss=0.4846 | val loss=0.5720 | val acc=86.72% | val balanced acc=80.81% | val Macro-F1=62.58%
Epoch 09/10 [full_finetuning] | train loss=0.4650 | val loss=0.5567 | val acc=87.52% | val balanced acc=80.95% | val Macro-F1=65.72%
Epoch 10/10 [full_finetuning] | train loss=0.4471 | val loss=0.5879 | val acc=90.18% | val balanced acc=78.80% | val Macro-F1=67.53%

Evaluating validation...
validation | Accuracy=89.6368% | Balanced Accuracy=78.9330% | Macro-F1=68.9652% | Weighted-F1=90.7061%

Evaluating test...
test | Accuracy=92.2408% | Balanced Accuracy=85.5208% | Macro-F1=85.2522% | Weighted-F1=92.2376%

Evaluating test_07...
test_07 | Accuracy=83.0791% | Balanced Accuracy=74.5803% | Macro-F1=70.8532% | Weighted-F1=84.5756%

Training completed.
Best epoch: 6
Best validation Macro-F1: 68.9652%
Total time: 1209.57 seconds
Results saved to: /scratch/project_2019765/fnaveed/results/wheat_resnet18_grouped_v2
